desktop-wide GET document https://radio.madza.dev/
desktop-wide GET image https://radio.madza.dev/backgrounds/full/wallhaven-0w6j7q.jpg
desktop-wide GET image https://radio.madza.dev/backgrounds/full/wallhaven-eo19kw.jpg
desktop-wide GET image https://radio.madza.dev/backgrounds/full/wallhaven-j8m3py.jpg
desktop-wide GET image https://radio.madza.dev/backgrounds/full/wallhaven-6kv1ow.png
desktop-wide GET image https://radio.madza.dev/backgrounds/full/wallhaven-r2jygm.jpg
desktop-wide GET image https://radio.madza.dev/backgrounds/full/wallhaven-xl56rv.jpg
desktop-wide GET image https://radio.madza.dev/backgrounds/full/wallhaven-rd3jv7.jpg
desktop-wide GET image https://radio.madza.dev/backgrounds/full/wallhaven-eyx3pl.jpg
desktop-wide GET image https://radio.madza.dev/backgrounds/full/wallhaven-k9k3r1.jpg
desktop-wide GET image https://radio.madza.dev/backgrounds/full/wallhaven-mpdz88.png
desktop-wide GET stylesheet https://radio.madza.dev/_next/static/chunks/cac066f4027469be.css
desktop-wide GET stylesheet https://radio.madza.dev/_next/static/chunks/a05f17014ff991a0.css
desktop-wide GET script https://radio.madza.dev/_next/static/chunks/6979474693f2896c.js
desktop-wide GET script https://radio.madza.dev/_next/static/chunks/495f519db42bc37d.js
desktop-wide GET script https://radio.madza.dev/_next/static/chunks/turbopack-06ed5476d722e1b1.js
desktop-wide GET script https://radio.madza.dev/_next/static/chunks/5d5ae0d37283d9ec.js
desktop-wide GET script https://radio.madza.dev/_next/static/chunks/ae1ad206094a96cd.js
desktop-wide GET script https://radio.madza.dev/_next/static/chunks/turbopack-333cdb195d4429ed.js
desktop-wide GET script https://radio.madza.dev/_next/static/IzFG8-xvxGeVmwqHSKfu9/_ssgManifest.js
desktop-wide GET script https://radio.madza.dev/_next/static/IzFG8-xvxGeVmwqHSKfu9/_buildManifest.js
desktop-wide GET image https://radio.madza.dev/loading/spinner.svg
desktop-wide GET stylesheet https://fonts.googleapis.com/css2?family=Montserrat&display=swap
desktop-wide GET font https://fonts.gstatic.com/s/montserrat/v31/JTUHjIg1_i6t8kCHKm4532VJOt5-QNFgpCtr6Hw5aXo.woff2
desktop-wide GET fetch https://radio.madza.dev/_next/static/IzFG8-xvxGeVmwqHSKfu9/_clientMiddlewareManifest.json
desktop-wide GET script https://eu.umami.is/script.js
desktop-wide GET fetch https://radio.madza.dev/api/counter?metric=radio-tracks
desktop-wide GET fetch https://radio.madza.dev/api/counter?metric=radio-visitors
desktop-wide POST fetch https://radio.madza.dev/api/counter
desktop-wide GET script https://cloud.umami.is/script.js
desktop-wide POST fetch https://radio.madza.dev/api/getPlaylist
desktop-wide POST fetch https://gateway.umami.is/api/send
desktop-wide GET media https://cf-media.sndcdn.com/KVeGB1HfeYPx.128.mp3?Policy=eyJTdGF0ZW1lbnQiOlt7IlJlc291cmNlIjoiKjovL2NmLW1lZGlhLnNuZGNkbi5jb20vS1ZlR0IxSGZlWVB4LjEyOC5tcDMqIiwiQ29uZGl0aW9uIjp7IkRhdGVMZXNzVGhhbiI6eyJBV1M6RXBvY2hUaW1lIjoxNzg3MzM1OTY1fX19XX0_&Signature=gB0NDG7XvfTS9UGLLbkP0RHW8vr9Kpv4~qC~TeCZmOzPrOKb-pq~wRS8BQz6qdhrSGvp7179g9bwbX38cWC-f3a1aqP0KM~sLsoBFxH5RYqUy~B3r3eZ1XzZrYsiPwzcLaN4eQkICUC~tgYkFWIKmf-Uy9jcAJuCGLaHlKCmU8M1W7-p9NCk9SQmVsJ4MUUpPhpbMkW-K~r~9YH5DaKCGOhfxl-WiS3ovaBIpwZ4iFCD~RCVCvb5Yz1muXvQb~llh3APUZBaiMg8xtLkhyFPMExokfmR3~ijFSXQhCkaNTwjFkgdfwRuW4ua2u7TcICS00V~~FAY7zh9dASC0OyogA__&Key-Pair-Id=APKAI6TU7MMXM5DG6EPQ
desktop-wide GET image https://radio.madza.dev/controls/stations.png
desktop-wide GET image https://radio.madza.dev/controls/dropdown.png
desktop-wide GET image https://radio.madza.dev/controls/settings.png
desktop-wide GET image https://radio.madza.dev/controls/info.png
desktop-wide GET image https://radio.madza.dev/controls/play.png
desktop-wide GET image https://radio.madza.dev/controls/volume.png
desktop-wide GET image https://radio.madza.dev/controls/recents.png
desktop-wide GET image https://radio.madza.dev/controls/repeat.png
desktop-standard GET document https://radio.madza.dev/
desktop-standard GET image https://radio.madza.dev/backgrounds/full/wallhaven-0w6j7q.jpg
desktop-standard GET image https://radio.madza.dev/backgrounds/full/wallhaven-eo19kw.jpg
desktop-standard GET image https://radio.madza.dev/backgrounds/full/wallhaven-j8m3py.jpg
desktop-standard GET image https://radio.madza.dev/backgrounds/full/wallhaven-6kv1ow.png
desktop-standard GET image https://radio.madza.dev/backgrounds/full/wallhaven-r2jygm.jpg
desktop-standard GET image https://radio.madza.dev/backgrounds/full/wallhaven-xl56rv.jpg
desktop-standard GET image https://radio.madza.dev/backgrounds/full/wallhaven-rd3jv7.jpg
desktop-standard GET image https://radio.madza.dev/backgrounds/full/wallhaven-eyx3pl.jpg
desktop-standard GET image https://radio.madza.dev/backgrounds/full/wallhaven-k9k3r1.jpg
desktop-standard GET image https://radio.madza.dev/backgrounds/full/wallhaven-mpdz88.png
desktop-standard GET stylesheet https://radio.madza.dev/_next/static/chunks/cac066f4027469be.css
desktop-standard GET stylesheet https://radio.madza.dev/_next/static/chunks/a05f17014ff991a0.css
desktop-standard GET script https://radio.madza.dev/_next/static/chunks/6979474693f2896c.js
desktop-standard GET script https://radio.madza.dev/_next/static/chunks/495f519db42bc37d.js
desktop-standard GET script https://radio.madza.dev/_next/static/chunks/turbopack-06ed5476d722e1b1.js
desktop-standard GET script https://radio.madza.dev/_next/static/chunks/5d5ae0d37283d9ec.js
desktop-standard GET script https://radio.madza.dev/_next/static/chunks/ae1ad206094a96cd.js
desktop-standard GET script https://radio.madza.dev/_next/static/chunks/turbopack-333cdb195d4429ed.js
desktop-standard GET script https://radio.madza.dev/_next/static/IzFG8-xvxGeVmwqHSKfu9/_ssgManifest.js
desktop-standard GET script https://radio.madza.dev/_next/static/IzFG8-xvxGeVmwqHSKfu9/_buildManifest.js
desktop-standard GET image https://radio.madza.dev/loading/spinner.svg
desktop-standard GET stylesheet https://fonts.googleapis.com/css2?family=Montserrat&display=swap
desktop-standard GET font https://fonts.gstatic.com/s/montserrat/v31/JTUHjIg1_i6t8kCHKm4532VJOt5-QNFgpCtr6Hw5aXo.woff2
desktop-standard GET fetch https://radio.madza.dev/_next/static/IzFG8-xvxGeVmwqHSKfu9/_clientMiddlewareManifest.json
desktop-standard GET script https://eu.umami.is/script.js
desktop-standard GET fetch https://radio.madza.dev/api/counter?metric=radio-tracks
desktop-standard GET fetch https://radio.madza.dev/api/counter?metric=radio-visitors
desktop-standard POST fetch https://radio.madza.dev/api/counter
desktop-standard POST fetch https://radio.madza.dev/api/getPlaylist
desktop-standard GET script https://cloud.umami.is/script.js
desktop-standard POST fetch https://gateway.umami.is/api/send
desktop-standard GET media https://cf-media.sndcdn.com/6Szz1MaYYPMr.128.mp3?Policy=eyJTdGF0ZW1lbnQiOlt7IlJlc291cmNlIjoiKjovL2NmLW1lZGlhLnNuZGNkbi5jb20vNlN6ejFNYVlZUE1yLjEyOC5tcDMqIiwiQ29uZGl0aW9uIjp7IkRhdGVMZXNzVGhhbiI6eyJBV1M6RXBvY2hUaW1lIjoxNzg3MzM1ODA1fX19XX0_&Signature=UODHbFRaNpB024NlVy7bfue0P8TPWGjyUdWz8cXB~k1ei~4k3R6O-DkNGRDQTxwp1yjDITXQSSv4CrufFnd-os~tBsJuT5pWJY7TnnqgDpvp1tNmDz--MJIGam67duwtEUlEG5uhbOFHIx9G2fkZWrzut4Xwd63gWExAzEpxQDGFnX6gAO~Dwt3myWxgJlHwnWP86N6XGTkBve4v6ND8tVjdJ4KAShAxsfhdGOj2lKg5SsidS94Zk2ROEFJzERZ6O8C4UjTdGAAd-48NFjzUUpivh~kBj7XfuFvcmShR~bdlr7K0srBGYzS4p3TCUAgIYR3xDdZBqEW1L5uGOEN1EQ__&Key-Pair-Id=APKAI6TU7MMXM5DG6EPQ
desktop-standard GET image https://radio.madza.dev/controls/stations.png
desktop-standard GET image https://radio.madza.dev/controls/dropdown.png
desktop-standard GET image https://radio.madza.dev/controls/settings.png
desktop-standard GET image https://radio.madza.dev/controls/info.png
desktop-standard GET image https://radio.madza.dev/controls/play.png
desktop-standard GET image https://radio.madza.dev/controls/volume.png
desktop-standard GET image https://radio.madza.dev/controls/recents.png
desktop-standard GET image https://radio.madza.dev/controls/repeat.png
mobile-portrait GET document https://radio.madza.dev/
mobile-portrait GET image https://radio.madza.dev/backgrounds/full/wallhaven-0w6j7q.jpg
mobile-portrait GET image https://radio.madza.dev/backgrounds/full/wallhaven-eo19kw.jpg
mobile-portrait GET image https://radio.madza.dev/backgrounds/full/wallhaven-j8m3py.jpg
mobile-portrait GET image https://radio.madza.dev/backgrounds/full/wallhaven-6kv1ow.png
mobile-portrait GET image https://radio.madza.dev/backgrounds/full/wallhaven-r2jygm.jpg
mobile-portrait GET image https://radio.madza.dev/backgrounds/full/wallhaven-xl56rv.jpg
mobile-portrait GET image https://radio.madza.dev/backgrounds/full/wallhaven-rd3jv7.jpg
mobile-portrait GET image https://radio.madza.dev/backgrounds/full/wallhaven-eyx3pl.jpg
mobile-portrait GET image https://radio.madza.dev/backgrounds/full/wallhaven-k9k3r1.jpg
mobile-portrait GET image https://radio.madza.dev/backgrounds/full/wallhaven-mpdz88.png
mobile-portrait GET stylesheet https://radio.madza.dev/_next/static/chunks/cac066f4027469be.css
mobile-portrait GET stylesheet https://radio.madza.dev/_next/static/chunks/a05f17014ff991a0.css
mobile-portrait GET script https://radio.madza.dev/_next/static/chunks/6979474693f2896c.js
mobile-portrait GET script https://radio.madza.dev/_next/static/chunks/495f519db42bc37d.js
mobile-portrait GET script https://radio.madza.dev/_next/static/chunks/turbopack-06ed5476d722e1b1.js
mobile-portrait GET script https://radio.madza.dev/_next/static/chunks/5d5ae0d37283d9ec.js
mobile-portrait GET script https://radio.madza.dev/_next/static/chunks/ae1ad206094a96cd.js
mobile-portrait GET script https://radio.madza.dev/_next/static/chunks/turbopack-333cdb195d4429ed.js
mobile-portrait GET script https://radio.madza.dev/_next/static/IzFG8-xvxGeVmwqHSKfu9/_ssgManifest.js
mobile-portrait GET script https://radio.madza.dev/_next/static/IzFG8-xvxGeVmwqHSKfu9/_buildManifest.js
mobile-portrait GET image https://radio.madza.dev/loading/spinner.svg
mobile-portrait GET stylesheet https://fonts.googleapis.com/css2?family=Montserrat&display=swap
mobile-portrait GET font https://fonts.gstatic.com/s/montserrat/v31/JTUHjIg1_i6t8kCHKm4532VJOt5-QNFgpCtr6Hw5aXo.woff2
mobile-portrait GET fetch https://radio.madza.dev/_next/static/IzFG8-xvxGeVmwqHSKfu9/_clientMiddlewareManifest.json
mobile-portrait GET script https://eu.umami.is/script.js
mobile-portrait GET fetch https://radio.madza.dev/api/counter?metric=radio-tracks
mobile-portrait GET fetch https://radio.madza.dev/api/counter?metric=radio-visitors
mobile-portrait POST fetch https://radio.madza.dev/api/counter
mobile-portrait POST fetch https://radio.madza.dev/api/getPlaylist
mobile-portrait GET script https://cloud.umami.is/script.js
mobile-portrait POST fetch https://gateway.umami.is/api/send
mobile-portrait GET media https://cf-media.sndcdn.com/p93bKhXzrT63.128.mp3?Policy=eyJTdGF0ZW1lbnQiOlt7IlJlc291cmNlIjoiKjovL2NmLW1lZGlhLnNuZGNkbi5jb20vcDkzYktoWHpyVDYzLjEyOC5tcDMqIiwiQ29uZGl0aW9uIjp7IkRhdGVMZXNzVGhhbiI6eyJBV1M6RXBvY2hUaW1lIjoxNzg3MzM1NzMxfX19XX0_&Signature=D94K~i6ig6aLZkHaqVawhq08FxMLq6YHIvK5FS80eLwta3zisaUdIm4SczNWHnReYxV5i4kk1GyudcbhxbTFuQUW43M5esKONhse-UL1EnhrAyHiV1cLTb00HhDxCkoZALGV83TyuQ4nSC0MmRgosw4ktG5bmByIqEcfkDiMnAH7sPa~OtvIFJCpMDBBIeR0Kejd0oLctrG0g00HCbUDzfdcbueToRkDJ0~hgjIgJgebCVvGaSoTdJPjUgCyGSyCzEAIMVcbNlnKfyHoi8S-uN1~5L9zI779Vbe-pzPWjFPBeJqbAJ9iO-6WyNga8k21y6W80R4OBP6BC9Iz8dTWzg__&Key-Pair-Id=APKAI6TU7MMXM5DG6EPQ
mobile-portrait GET image https://radio.madza.dev/controls/stations.png
mobile-portrait GET image https://radio.madza.dev/controls/dropdown.png
mobile-portrait GET image https://radio.madza.dev/controls/settings.png
mobile-portrait GET image https://radio.madza.dev/controls/info.png
mobile-portrait GET image https://radio.madza.dev/controls/previous.png
mobile-portrait GET image https://radio.madza.dev/controls/play.png
mobile-portrait GET image https://radio.madza.dev/controls/next.png
mobile-portrait GET image https://radio.madza.dev/controls/volume.png
mobile-portrait GET image https://radio.madza.dev/controls/recents.png
mobile-portrait GET image https://radio.madza.dev/controls/repeat.png
mobile-small GET document https://radio.madza.dev/
mobile-small GET image https://radio.madza.dev/backgrounds/full/wallhaven-0w6j7q.jpg
mobile-small GET image https://radio.madza.dev/backgrounds/full/wallhaven-eo19kw.jpg
mobile-small GET image https://radio.madza.dev/backgrounds/full/wallhaven-j8m3py.jpg
mobile-small GET image https://radio.madza.dev/backgrounds/full/wallhaven-6kv1ow.png
mobile-small GET image https://radio.madza.dev/backgrounds/full/wallhaven-r2jygm.jpg
mobile-small GET image https://radio.madza.dev/backgrounds/full/wallhaven-xl56rv.jpg
mobile-small GET image https://radio.madza.dev/backgrounds/full/wallhaven-rd3jv7.jpg
mobile-small GET image https://radio.madza.dev/backgrounds/full/wallhaven-eyx3pl.jpg
mobile-small GET image https://radio.madza.dev/backgrounds/full/wallhaven-k9k3r1.jpg
mobile-small GET image https://radio.madza.dev/backgrounds/full/wallhaven-mpdz88.png
mobile-small GET stylesheet https://radio.madza.dev/_next/static/chunks/cac066f4027469be.css
mobile-small GET stylesheet https://radio.madza.dev/_next/static/chunks/a05f17014ff991a0.css
mobile-small GET script https://radio.madza.dev/_next/static/chunks/6979474693f2896c.js
mobile-small GET script https://radio.madza.dev/_next/static/chunks/495f519db42bc37d.js
mobile-small GET script https://radio.madza.dev/_next/static/chunks/turbopack-06ed5476d722e1b1.js
mobile-small GET script https://radio.madza.dev/_next/static/chunks/5d5ae0d37283d9ec.js
mobile-small GET script https://radio.madza.dev/_next/static/chunks/ae1ad206094a96cd.js
mobile-small GET script https://radio.madza.dev/_next/static/chunks/turbopack-333cdb195d4429ed.js
mobile-small GET script https://radio.madza.dev/_next/static/IzFG8-xvxGeVmwqHSKfu9/_ssgManifest.js
mobile-small GET script https://radio.madza.dev/_next/static/IzFG8-xvxGeVmwqHSKfu9/_buildManifest.js
mobile-small GET image https://radio.madza.dev/loading/spinner.svg
mobile-small GET stylesheet https://fonts.googleapis.com/css2?family=Montserrat&display=swap
mobile-small GET font https://fonts.gstatic.com/s/montserrat/v31/JTUHjIg1_i6t8kCHKm4532VJOt5-QNFgpCtr6Hw5aXo.woff2
mobile-small GET fetch https://radio.madza.dev/_next/static/IzFG8-xvxGeVmwqHSKfu9/_clientMiddlewareManifest.json
mobile-small GET script https://eu.umami.is/script.js
mobile-small GET fetch https://radio.madza.dev/api/counter?metric=radio-tracks
mobile-small GET fetch https://radio.madza.dev/api/counter?metric=radio-visitors
mobile-small POST fetch https://radio.madza.dev/api/counter
mobile-small POST fetch https://radio.madza.dev/api/getPlaylist
mobile-small GET script https://cloud.umami.is/script.js
mobile-small POST fetch https://gateway.umami.is/api/send
mobile-small GET media https://cf-media.sndcdn.com/6DX5tsE4Z0oW.128.mp3?Policy=eyJTdGF0ZW1lbnQiOlt7IlJlc291cmNlIjoiKjovL2NmLW1lZGlhLnNuZGNkbi5jb20vNkRYNXRzRTRaMG9XLjEyOC5tcDMqIiwiQ29uZGl0aW9uIjp7IkRhdGVMZXNzVGhhbiI6eyJBV1M6RXBvY2hUaW1lIjoxNzg3MzM1NzY5fX19XX0_&Signature=XehjjBWsr8IMcoOuUS~9H-9E-mAga3qBM6aeZeR3muZFZxBQMr5DrxBCNX3AB4THQDalvQI6CP3ZYqhd3o~-uciWikKklCUUVFDhKDtZDjVg3MmkNJEbIBmiN~Q8Ormao82FMaNpP084hzX1I3LPzUC2HwwWZ8ytzusAL852floK9iDE0Q3y2exIP7QaR3GsV3wMRFano-AMhKog--KrhN4qATLlCRohjVB~6ZCywmx6DZ9l42fueuBpwfzcg1AgoeEu7QFabDiwnB8OfBGu4vxe13n9e0ywcntpJBtvDjHxPNLikUq~R~ckTGkIRPjINxY9suKSqZz~TN-Sd4xnyA__&Key-Pair-Id=APKAI6TU7MMXM5DG6EPQ
mobile-small GET image https://radio.madza.dev/controls/stations.png
mobile-small GET image https://radio.madza.dev/controls/dropdown.png
mobile-small GET image https://radio.madza.dev/controls/settings.png
mobile-small GET image https://radio.madza.dev/controls/info.png
mobile-small GET image https://radio.madza.dev/controls/previous.png
mobile-small GET image https://radio.madza.dev/controls/play.png
mobile-small GET image https://radio.madza.dev/controls/next.png
mobile-small GET image https://radio.madza.dev/controls/volume.png
mobile-small GET image https://radio.madza.dev/controls/recents.png
mobile-small GET image https://radio.madza.dev/controls/repeat.png